// Jest Snapshot v1, https://goo.gl/fbAQLP

exports[`sources returns expected values 1`] = `
Array [
  Array [
    Object {
      "currency": "USDCAD",
      "rate": 1.28465,
    },
    Object {
      "currency": "USDPLN",
      "rate": 3.567027,
    },
    Object {
      "currency": "USDMXN",
      "rate": 19.036598,
    },
  ],
]
`;
