// Jest Snapshot v1, https://goo.gl/fbAQLP

exports[`sources returns expected values 1`] = `
Array [
  Array [
    Object {
      "currency": "CHF",
      "rate": 0.9907,
      "type": false,
    },
    Object {
      "currency": "CNY",
      "rate": 6.3324,
      "type": false,
    },
    Object {
      "currency": "EUR",
      "rate": 0.8274,
      "type": false,
    },
    Object {
      "currency": "GBP",
      "rate": 0.7263,
      "type": false,
    },
    Object {
      "currency": "KWD",
      "rate": 0.3007,
      "type": false,
    },
    Object {
      "currency": "KYD",
      "rate": 0.8201,
      "type": false,
    },
    Object {
      "currency": "MXN",
      "rate": 18.7212,
      "type": false,
    },
    Object {
      "currency": "USD",
      "rate": 1,
      "type": false,
    },
  ],
]
`;
